0 verbose cli F:\Node\node.exe F:\Node\node_modules\npm\bin\npm-cli.js
1 info using npm@11.6.2
2 info using node@v24.12.0
3 silly config load:file:F:\Node\node_modules\npm\npmrc
4 silly config load:file:F:\2026 - resell\AI article Publisher\.npmrc
5 silly config load:file:C:\Users\Buddhika\.npmrc
6 silly config load:file:C:\Users\Buddhika\AppData\Roaming\npm\etc\npmrc
7 verbose title npm cache clean
8 verbose argv "cache" "clean" "--force"
9 verbose logfile logs-max:10 dir:f:\2026 - resell\AI article Publisher\.npm-cache\_logs\2026-02-26T06_38_34_714Z-
10 verbose logfile f:\2026 - resell\AI article Publisher\.npm-cache\_logs\2026-02-26T06_38_34_714Z-debug-0.log
11 warn using --force Recommended protections disabled.
12 silly logfile done cleaning log files
13 verbose stack Error: EPERM: operation not permitted, unlink 'f:\2026 - resell\AI article Publisher\.npm-cache\_cacache\tmp\30b659da'
14 error code EPERM
15 error syscall unlink
16 error path f:\2026 - resell\AI article Publisher\.npm-cache\_cacache\tmp\30b659da
17 error errno -4048
18 error [Error: EPERM: operation not permitted, unlink 'f:\2026 - resell\AI article Publisher\.npm-cache\_cacache\tmp\30b659da'] {
18 error   errno: -4048,
18 error   code: 'EPERM',
18 error   syscall: 'unlink',
18 error   path: 'f:\\2026 - resell\\AI article Publisher\\.npm-cache\\_cacache\\tmp\\30b659da'
18 error }
19 error
19 error The operation was rejected by your operating system.
19 error It's possible that the file was already in use (by a text editor or antivirus),
19 error or that you lack permissions to access it.
19 error
19 error If you believe this might be a permissions issue, please double-check the
19 error permissions of the file and its containing directories, or try running
19 error the command again as root/Administrator.
20 verbose cwd F:\2026 - resell\AI article Publisher
21 verbose os Windows_NT 10.0.19045
22 verbose node v24.12.0
23 verbose npm  v11.6.2
24 verbose exit -4048
25 verbose code -4048
26 error A complete log of this run can be found in: f:\2026 - resell\AI article Publisher\.npm-cache\_logs\2026-02-26T06_38_34_714Z-debug-0.log
